# serializer version: 1
# name: test_setup_platform[binary_sensor.boiler_fault-entry]
  EntityRegistryEntrySnapshot({
    'aliases': set({
    }),
    'area_id': None,
    'capabilities': None,
    'config_entry_id': <ANY>,
    'device_class': None,
    'device_id': <ANY>,
    'disabled_by': None,
    'domain': 'binary_sensor',
    'entity_category': None,
    'entity_id': 'binary_sensor.boiler_fault',
    'has_entity_name': True,
    'hidden_by': None,
    'icon': None,
    'id': <ANY>,
    'labels': set({
    }),
    'name': None,
    'options': dict({
    }),
    'original_device_class': <BinarySensorDeviceClass.PROBLEM: 'problem'>,
    'original_icon': None,
    'original_name': 'Fault',
    'platform': 'incomfort',
    'previous_unique_id': None,
    'supported_features': 0,
    'translation_key': 'fault',
    'unique_id': 'c0ffeec0ffee_failed',
    'unit_of_measurement': None,
  })
# ---
# name: test_setup_platform[binary_sensor.boiler_fault-state]
  StateSnapshot({
    'attributes': ReadOnlyDict({
      'device_class': 'problem',
      'fault_code': None,
      'friendly_name': 'Boiler Fault',
    }),
    'context': <ANY>,
    'entity_id': 'binary_sensor.boiler_fault',
    'last_changed': <ANY>,
    'last_reported': <ANY>,
    'last_updated': <ANY>,
    'state': 'off',
  })
# ---
